// Jest Snapshot v1, https://goo.gl/fbAQLP

exports[`should render Basket correctly 1`] = `
<Fragment>
  <nav
    className="navbar navbar-expand-lg navbar-light bg-light align-content-between"
  >
    <div
      className="navbar-brand"
    >
      ecommerce app
    </div>
    <div
      className="collapse navbar-collapse"
      id="navbarColor02"
    />
    <div
      className="pull-right align-items-center"
    >
      <Link
        to="/"
      >
        <span
          className="mr-3"
        >
           
          store 
          <FaStore />
           
        </span>
      </Link>
      <Link
        to="/Basket"
      >
        <span>
           
          basket 
          <FaShoppingCart />
          <span
            className="itemCount"
          >
            1
          </span>
        </span>
      </Link>
    </div>
  </nav>
</Fragment>
`;
