// Jest Snapshot v1, https://goo.gl/fbAQLP

exports[`should render Basket correctly 1`] = `
<div
  className="col-sm-12 col-md-5 mt-5 justify-content-around"
>
  <div
    className="card"
  >
    <styled.div
      className="card-body py-5"
    >
      <styled.div>
        item 1
      </styled.div>
    </styled.div>
    <styled.div
      className="card-footer d-flex justify-content-around"
    >
      100
      <div>
        <button
          className="btn btn-primary"
          onClick={[MockFunction]}
        >
          add
        </button>
      </div>
    </styled.div>
  </div>
</div>
`;
